﻿
> eshaareuae-2026@0.0.0 build
> vite build

[36mvite v8.0.16 [32mbuilding client environment for production...[36m[39m
[2K
transforming...Γ£ô 3454 modules transformed.
rendering chunks...
computing gzip size...
dist/index.html                                             6.96 kB Γöé gzip:   2.60 kB
dist/assets/fox-logo-BQ7C1a5C.webp                        105.50 kB
dist/assets/index-KNdBndP-.css                            125.24 kB Γöé gzip:  19.96 kB
dist/assets/check-C7e7NdVr.js                               0.12 kB Γöé gzip:   0.14 kB
dist/assets/loader-circle-Cc-V_a7T.js                       0.14 kB Γöé gzip:   0.15 kB
dist/assets/arrow-right-CIwEc77n.js                         0.16 kB Γöé gzip:   0.16 kB
dist/assets/clock-rvEfhcct.js                               0.16 kB Γöé gzip:   0.16 kB
dist/assets/trending-up-nocr9gdJ.js                         0.17 kB Γöé gzip:   0.17 kB
dist/assets/circle-check-BABjzLPp.js                        0.17 kB Γöé gzip:   0.16 kB
dist/assets/circle-check-big-DiVFOmyk.js                    0.19 kB Γöé gzip:   0.18 kB
dist/assets/lock-BbKTnouu.js                                0.20 kB Γöé gzip:   0.19 kB
dist/assets/mail-VMGbK2N-.js                                0.21 kB Γöé gzip:   0.20 kB
dist/assets/briefcase-eGv4ujmW.js                           0.22 kB Γöé gzip:   0.19 kB
dist/assets/square-check-big-BrRG78p0.js                    0.22 kB Γöé gzip:   0.19 kB
dist/assets/upload-CFL0ZOhC.js                              0.23 kB Γöé gzip:   0.19 kB
dist/assets/download-x9bG-TlF.js                            0.23 kB Γöé gzip:   0.19 kB
dist/assets/activity-EXtngCLZ.js                            0.23 kB Γöé gzip:   0.19 kB
dist/assets/circle-question-mark-UoaE9vj2.js                0.24 kB Γöé gzip:   0.20 kB
dist/assets/circle-alert-pPRxt1RM.js                        0.25 kB Γöé gzip:   0.18 kB
dist/assets/cloud-upload-BeL1uLvs.js                        0.25 kB Γöé gzip:   0.20 kB
dist/assets/compass-CFelagMz.js                             0.25 kB Γöé gzip:   0.20 kB
dist/assets/external-link-CIw7Z4Fk.js                       0.25 kB Γöé gzip:   0.19 kB
dist/assets/eye-CPDvcjkI.js                                 0.25 kB Γöé gzip:   0.20 kB
dist/assets/calendar-C0o0qGSz.js                            0.25 kB Γöé gzip:   0.20 kB
dist/assets/image-CfoF-xl9.js                               0.26 kB Γöé gzip:   0.22 kB
dist/assets/shield-DlXo-V0p.js                              0.27 kB Γöé gzip:   0.22 kB
dist/assets/pencil-Bf9IefHd.js                              0.27 kB Γöé gzip:   0.22 kB
dist/assets/hash-BGOIlVP0.js                                0.29 kB Γöé gzip:   0.19 kB
dist/assets/list-D_vs9zof.js                                0.30 kB Γöé gzip:   0.18 kB
dist/assets/user-plus-Crqioi8f.js                           0.31 kB Γöé gzip:   0.23 kB
dist/assets/badge-check-BLCqBOAE.js                         0.31 kB Γöé gzip:   0.21 kB
dist/assets/shield-check-BAjtRsf-.js                        0.32 kB Γöé gzip:   0.25 kB
dist/assets/square-pen-VlGfndge.js                          0.32 kB Γöé gzip:   0.24 kB
dist/assets/save-CWAJtYIo.js                                0.32 kB Γöé gzip:   0.22 kB
dist/assets/trash-2-CjxMP7xO.js                             0.32 kB Γöé gzip:   0.21 kB
dist/assets/jsx-runtime-4jVAV9N6.js                         0.42 kB Γöé gzip:   0.29 kB
dist/assets/sparkles-D8hY3-p4.js                            0.49 kB Γöé gzip:   0.28 kB
dist/assets/preload-helper-zJ_50EbN.js                      1.19 kB Γöé gzip:   0.68 kB
dist/assets/LoadingSpinner-BEAO-HLF.js                      1.23 kB Γöé gzip:   0.55 kB
dist/assets/SearchInput-BSnX7wYZ.js                         1.24 kB Γöé gzip:   0.63 kB
dist/assets/createLucideIcon-BvHLjWi-.js                    1.37 kB Γöé gzip:   0.77 kB
dist/assets/helpers-DnOfJevr.js                             1.39 kB Γöé gzip:   0.79 kB
dist/assets/NotFoundPage-DdzlEosz.js                        1.55 kB Γöé gzip:   0.78 kB
dist/assets/appointmentDateRules-DrqY_6d5.js                1.71 kB Γöé gzip:   0.69 kB
dist/assets/Modal-B0cT0Vqx.js                               1.75 kB Γöé gzip:   0.87 kB
dist/assets/StatusBadge-RVupdi5b.js                         1.77 kB Γöé gzip:   0.57 kB
dist/assets/constants-DH80_Z-c.js                           1.82 kB Γöé gzip:   0.84 kB
dist/assets/ResourcesPage-DX82lN9_.js                       3.38 kB Γöé gzip:   1.31 kB
dist/assets/AdminLogin-DZgp_6ot.js                          3.41 kB Γöé gzip:   1.40 kB
dist/assets/PortalProfilePage-DtzT9uIS.js                   3.57 kB Γöé gzip:   1.53 kB
dist/assets/QuotationsListPage-CqdLPYUE.js                  3.66 kB Γöé gzip:   1.34 kB
dist/assets/DestinationsPage-DbYyR6DM.js                    3.73 kB Γöé gzip:   1.49 kB
dist/assets/FilterBar-28DeWmBE.js                           3.79 kB Γöé gzip:   1.21 kB
dist/assets/PortalPaymentsPage-FZ2u8852.js                  3.89 kB Γöé gzip:   1.48 kB
dist/assets/PortalNotificationsPage-mLUPA1q3.js             3.93 kB Γöé gzip:   1.57 kB
dist/assets/FileUpload-qfEh45ZE.js                          4.01 kB Γöé gzip:   1.66 kB
dist/assets/caseWorkspace-BbaOhq-h.js                       4.44 kB Γöé gzip:   1.66 kB
dist/assets/AboutPage-Dgr0bkyx.js                           4.81 kB Γöé gzip:   1.37 kB
dist/assets/PortalVerifyEmailPage-BRkkioOL.js               5.16 kB Γöé gzip:   2.09 kB
dist/assets/PortalMessagesPage-BYDzPT4I.js                  5.78 kB Γöé gzip:   2.34 kB
dist/assets/VisaCasesListPage-DqadqA9f.js                   5.82 kB Γöé gzip:   2.05 kB
dist/assets/PackagesPage-D4MUuOwj.js                        6.04 kB Γöé gzip:   2.23 kB
dist/assets/PortalApplicationDetailPage-C1pZvskU.js         6.08 kB Γöé gzip:   2.07 kB
dist/assets/PortalAppointmentsPage-CbVjArPI.js              6.76 kB Γöé gzip:   2.18 kB
dist/assets/react-C7THt1nu.js                               8.29 kB Γöé gzip:   3.20 kB
dist/assets/PackageDetailPage-CyMhf2Yb.js                   8.45 kB Γöé gzip:   2.82 kB
dist/assets/AppointmentsPage-DPDv7BfC.js                    8.51 kB Γöé gzip:   2.17 kB
dist/assets/PortalSettingsPage-DcUo6quV.js                  9.02 kB Γöé gzip:   1.89 kB
dist/assets/ContactPage-C9jdj87O.js                         9.07 kB Γöé gzip:   2.73 kB
dist/assets/PortalFamilyMembersPage-CXCg-XMT.js             9.23 kB Γöé gzip:   3.11 kB
dist/assets/AdminDocumentsPage-CPyPi09T.js                 10.18 kB Γöé gzip:   3.03 kB
dist/assets/CustomisePackagePage-CYRciUQW.js               10.55 kB Γöé gzip:   2.45 kB
dist/assets/PortalLogin-CIXGxwaN.js                        10.67 kB Γöé gzip:   2.32 kB
dist/assets/AppPackagesListPage-XRKqONYQ.js                10.74 kB Γöé gzip:   3.49 kB
dist/assets/PaymentsPage-CjdfzKbP.js                       10.76 kB Γöé gzip:   3.06 kB
dist/assets/AppVisaEditorPage-B8F2IAiz.js                  11.06 kB Γöé gzip:   2.83 kB
dist/assets/AppPackageEditorPage-DRaREwxL.js               11.20 kB Γöé gzip:   2.59 kB
dist/assets/getRadiusAndStrokeWidthFromDot-bXRZ2MT5.js     11.30 kB Γöé gzip:   3.20 kB
dist/assets/AppVisasListPage-CS3JZ-Ui.js                   11.75 kB Γöé gzip:   3.87 kB
dist/assets/dist-C8BTfbzM.js                               11.86 kB Γöé gzip:   4.71 kB
dist/assets/VisaTypesListPage-ZlNeQqbH.js                  12.51 kB Γöé gzip:   3.80 kB
dist/assets/TrackApplicationPage-DbFZapG5.js               13.07 kB Γöé gzip:   3.72 kB
dist/assets/SettingsPage-BF6UVauT.js                       13.82 kB Γöé gzip:   3.87 kB
dist/assets/LeadDetailPage-zVU2RqBe.js                     15.38 kB Γöé gzip:   4.05 kB
dist/assets/PortalDocumentsPage-2OFt6K61.js                15.78 kB Γöé gzip:   4.75 kB
dist/assets/PortalVerifyProfilePage-Co7yRu1A.js            15.89 kB Γöé gzip:   5.13 kB
dist/assets/PortalApplicationsPage-DZEfuNu2.js             16.46 kB Γöé gzip:   4.44 kB
dist/assets/PieChart-CGAoMOuB.js                           16.55 kB Γöé gzip:   5.23 kB
dist/assets/BarChart-DhCxjCUK.js                           16.58 kB Γöé gzip:   5.76 kB
dist/assets/ReportsPage-BrmLCBDA.js                        17.79 kB Γöé gzip:   6.16 kB
dist/assets/StaffManagementPage-B-M1U-Y-.js                17.96 kB Γöé gzip:   4.22 kB
dist/assets/formatters-D2X54QtX.js                         19.71 kB Γöé gzip:   5.73 kB
dist/assets/quantize-Cv62GhX0.js                           20.02 kB Γöé gzip:   8.16 kB
dist/assets/PortalDashboard-sivguP6f.js                    21.54 kB Γöé gzip:   5.41 kB
dist/assets/CaseDetailPage-CR7AW65c.js                     21.73 kB Γöé gzip:   5.84 kB
dist/assets/ExpertsManagementPage-DHVoO3IQ.js              21.82 kB Γöé gzip:   5.16 kB
dist/assets/Dashboard-B46wgiR4.js                          26.04 kB Γöé gzip:   7.61 kB
dist/assets/VisaEligibilityPage-Cz52Mb-N.js                31.51 kB Γöé gzip:   9.23 kB
dist/assets/QuotationBuilderPage-Cpf6OZVz.js               33.70 kB Γöé gzip:   6.64 kB
dist/assets/chunk-QUQL4437-CHd8oHXA.js                     40.99 kB Γöé gzip:  14.55 kB
dist/assets/profileValidation-BkPhnAon.js                  42.35 kB Γöé gzip:  10.26 kB
dist/assets/VisaServicesPage-C5sX7yz2.js                   42.59 kB Γöé gzip:  10.20 kB
dist/assets/VisaDetailPage-r1dDbw4e.js                     44.85 kB Γöé gzip:  10.39 kB
dist/assets/AppointmentBookingPage-Ca4B-cBA.js             48.52 kB Γöé gzip:  10.11 kB
dist/assets/VisaCheckerCms-BMeBz3uw.js                     50.60 kB Γöé gzip:  11.05 kB
dist/assets/VisaTypeEditorPage-C6ozqq30.js                 51.09 kB Γöé gzip:   8.91 kB
dist/assets/LeadsListPage-awPjXJ1Y.js                      57.94 kB Γöé gzip:  17.73 kB
dist/assets/SchengenWizard-4DeCkOpC.js                     58.66 kB Γöé gzip:  13.25 kB
dist/assets/HomePage-DBljUafl.js                           64.14 kB Γöé gzip:  14.92 kB
dist/assets/firestore-4zX7XQdS.js                          72.58 kB Γöé gzip:  18.66 kB
dist/assets/proxy-B33VP9OB.js                             125.07 kB Γöé gzip:  40.78 kB
dist/assets/CartesianChart-kngVMD_O.js                    303.75 kB Γöé gzip:  89.25 kB
dist/assets/index-QyH6e1nM.js                             310.10 kB Γöé gzip:  92.06 kB
dist/assets/firebase-OAd_wMpA.js                          394.74 kB Γöé gzip: 119.98 kB
dist/assets/GlobePage-D84UOavJ.js                       1,833.68 kB Γöé gzip: 514.35 kB

[32mΓ£ô built in 4.63s[39m
